Archive member included because of file (symbol)

/usr/lib/gcc/avr/4.5.0/avr51/libgcc.a(_divmodhi4.o)
                              ../library/eselib/src/uart.o (__divmodhi4)
/usr/lib/gcc/avr/4.5.0/avr51/libgcc.a(_udivmodsi4.o)
                              ../library/eselib/src/uart.o (__udivmodsi4)
/usr/lib/gcc/avr/4.5.0/avr51/libgcc.a(_exit.o)
                              /usr/lib/gcc/avr/4.5.0/../../../../avr/lib/avr51/crtm128.o (exit)
/usr/lib/gcc/avr/4.5.0/avr51/libgcc.a(_copy_data.o)
                              ./node2/main.o (__do_copy_data)
/usr/lib/gcc/avr/4.5.0/avr51/libgcc.a(_clear_bss.o)
                              ./node2/main.o (__do_clear_bss)
/usr/lib/gcc/avr/4.5.0/avr51/libgcc.a(_lshrdi3.o)
                              ../library/eselib/src/uart.o (__lshrdi3)
/usr/lib/gcc/avr/4.5.0/avr51/libgcc.a(_udivmodhi4.o)
                              /usr/lib/gcc/avr/4.5.0/avr51/libgcc.a(_divmodhi4.o) (__udivmodhi4)
/usr/lib/gcc/avr/4.5.0/avr51/libgcc.a(_prologue.o)
                              /usr/lib/gcc/avr/4.5.0/avr51/libgcc.a(_lshrdi3.o) (__prologue_saves__)
/usr/lib/gcc/avr/4.5.0/avr51/libgcc.a(_epilogue.o)
                              /usr/lib/gcc/avr/4.5.0/avr51/libgcc.a(_lshrdi3.o) (__epilogue_restores__)
/usr/lib/gcc/avr/4.5.0/../../../../avr/lib/avr51/libc.a(fdevopen.o)
                              ./node2/main.o (fdevopen)
/usr/lib/gcc/avr/4.5.0/../../../../avr/lib/avr51/libc.a(iob.o)
                              /usr/lib/gcc/avr/4.5.0/../../../../avr/lib/avr51/libc.a(fdevopen.o) (__iob)
/usr/lib/gcc/avr/4.5.0/../../../../avr/lib/avr51/libc.a(puts.o)
                              ./node2/main.o (puts)
/usr/lib/gcc/avr/4.5.0/../../../../avr/lib/avr51/libc.a(calloc.o)
                              /usr/lib/gcc/avr/4.5.0/../../../../avr/lib/avr51/libc.a(fdevopen.o) (calloc)
/usr/lib/gcc/avr/4.5.0/../../../../avr/lib/avr51/libc.a(malloc.o)
                              /usr/lib/gcc/avr/4.5.0/../../../../avr/lib/avr51/libc.a(calloc.o) (malloc)
/usr/lib/gcc/avr/4.5.0/../../../../avr/lib/avr51/libc.a(memset.o)
                              /usr/lib/gcc/avr/4.5.0/../../../../avr/lib/avr51/libc.a(calloc.o) (memset)

Allocating common symbols
Common symbol       size              file

__brkval            0x2               /usr/lib/gcc/avr/4.5.0/../../../../avr/lib/avr51/libc.a(malloc.o)
__flp               0x2               /usr/lib/gcc/avr/4.5.0/../../../../avr/lib/avr51/libc.a(malloc.o)
glb_sreg_cpy        0x1               ./node2/main.o
__iob               0x6               /usr/lib/gcc/avr/4.5.0/../../../../avr/lib/avr51/libc.a(iob.o)

Memory Configuration

Name             Origin             Length             Attributes
text             0x0000000000000000 0x0000000000020000 xr
data             0x0000000000800100 0x000000000000ff00 rw !x
eeprom           0x0000000000810000 0x0000000000010000 rw !x
*default*        0x0000000000000000 0xffffffffffffffff

Linker script and memory map

Address of section .data set to 0x800100
LOAD /usr/lib/gcc/avr/4.5.0/../../../../avr/lib/avr51/crtm128.o
LOAD ./node2/main.o
LOAD ../library/eselib/src/uart.o
LOAD /usr/lib/gcc/avr/4.5.0/../../../../avr/lib/avr51/libm.a
LOAD /usr/lib/gcc/avr/4.5.0/avr51/libgcc.a
LOAD /usr/lib/gcc/avr/4.5.0/../../../../avr/lib/avr51/libc.a
LOAD /usr/lib/gcc/avr/4.5.0/avr51/libgcc.a

.hash
 *(.hash)

.dynsym
 *(.dynsym)

.dynstr
 *(.dynstr)

.gnu.version
 *(.gnu.version)

.gnu.version_d
 *(.gnu.version_d)

.gnu.version_r
 *(.gnu.version_r)

.rel.init
 *(.rel.init)

.rela.init
 *(.rela.init)

.rel.text
 *(.rel.text)
 *(.rel.text.*)
 *(.rel.gnu.linkonce.t*)

.rela.text
 *(.rela.text)
 *(.rela.text.*)
 *(.rela.gnu.linkonce.t*)

.rel.fini
 *(.rel.fini)

.rela.fini
 *(.rela.fini)

.rel.rodata
 *(.rel.rodata)
 *(.rel.rodata.*)
 *(.rel.gnu.linkonce.r*)

.rela.rodata
 *(.rela.rodata)
 *(.rela.rodata.*)
 *(.rela.gnu.linkonce.r*)

.rel.data
 *(.rel.data)
 *(.rel.data.*)
 *(.rel.gnu.linkonce.d*)

.rela.data
 *(.rela.data)
 *(.rela.data.*)
 *(.rela.gnu.linkonce.d*)

.rel.ctors
 *(.rel.ctors)

.rela.ctors
 *(.rela.ctors)

.rel.dtors
 *(.rel.dtors)

.rela.dtors
 *(.rela.dtors)

.rel.got
 *(.rel.got)

.rela.got
 *(.rela.got)

.rel.bss
 *(.rel.bss)

.rela.bss
 *(.rela.bss)

.rel.plt
 *(.rel.plt)

.rela.plt
 *(.rela.plt)

.text           0x0000000000000000      0xd74
 *(.vectors)
 .vectors       0x0000000000000000       0x8c /usr/lib/gcc/avr/4.5.0/../../../../avr/lib/avr51/crtm128.o
                0x0000000000000000                __vectors
                0x0000000000000000                __vector_default
 *(.vectors)
 *(.progmem.gcc*)
 *(.progmem*)
                0x000000000000008c                . = ALIGN (0x2)
                0x000000000000008c                __trampolines_start = .
 *(.trampolines)
 .trampolines   0x000000000000008c        0x0 linker stubs
 *(.trampolines*)
                0x000000000000008c                __trampolines_end = .
 *(.jumptables)
 *(.jumptables*)
 *(.lowtext)
 *(.lowtext*)
                0x000000000000008c                __ctors_start = .
 *(.ctors)
                0x000000000000008c                __ctors_end = .
                0x000000000000008c                __dtors_start = .
 *(.dtors)
                0x000000000000008c                __dtors_end = .
 SORT(*)(.ctors)
 SORT(*)(.dtors)
 *(.init0)
 .init0         0x000000000000008c        0x0 /usr/lib/gcc/avr/4.5.0/../../../../avr/lib/avr51/crtm128.o
                0x000000000000008c                __init
 *(.init0)
 *(.init1)
 *(.init1)
 *(.init2)
 .init2         0x000000000000008c        0xc /usr/lib/gcc/avr/4.5.0/../../../../avr/lib/avr51/crtm128.o
 *(.init2)
 *(.init3)
 *(.init3)
 *(.init4)
 .init4         0x0000000000000098       0x1a /usr/lib/gcc/avr/4.5.0/avr51/libgcc.a(_copy_data.o)
                0x0000000000000098                __do_copy_data
 .init4         0x00000000000000b2       0x10 /usr/lib/gcc/avr/4.5.0/avr51/libgcc.a(_clear_bss.o)
                0x00000000000000b2                __do_clear_bss
 *(.init4)
 *(.init5)
 *(.init5)
 *(.init6)
 *(.init6)
 *(.init7)
 *(.init7)
 *(.init8)
 *(.init8)
 *(.init9)
 .init9         0x00000000000000c2        0x8 /usr/lib/gcc/avr/4.5.0/../../../../avr/lib/avr51/crtm128.o
 *(.init9)
 *(.text)
 .text          0x00000000000000ca        0x4 /usr/lib/gcc/avr/4.5.0/../../../../avr/lib/avr51/crtm128.o
                0x00000000000000ca                __vector_22
                0x00000000000000ca                __vector_28
                0x00000000000000ca                __vector_1
                0x00000000000000ca                __vector_34
                0x00000000000000ca                __vector_24
                0x00000000000000ca                __vector_12
                0x00000000000000ca                __bad_interrupt
                0x00000000000000ca                __vector_6
                0x00000000000000ca                __vector_31
                0x00000000000000ca                __vector_3
                0x00000000000000ca                __vector_23
                0x00000000000000ca                __vector_25
                0x00000000000000ca                __vector_11
                0x00000000000000ca                __vector_13
                0x00000000000000ca                __vector_17
                0x00000000000000ca                __vector_19
                0x00000000000000ca                __vector_7
                0x00000000000000ca                __vector_27
                0x00000000000000ca                __vector_5
                0x00000000000000ca                __vector_33
                0x00000000000000ca                __vector_4
                0x00000000000000ca                __vector_9
                0x00000000000000ca                __vector_2
                0x00000000000000ca                __vector_21
                0x00000000000000ca                __vector_15
                0x00000000000000ca                __vector_29
                0x00000000000000ca                __vector_8
                0x00000000000000ca                __vector_26
                0x00000000000000ca                __vector_14
                0x00000000000000ca                __vector_10
                0x00000000000000ca                __vector_16
 .text          0x00000000000000ce       0xa6 ./node2/main.o
                0x00000000000000ee                main
 .text          0x0000000000000174      0x664 ../library/eselib/src/uart.o
                0x0000000000000174                __vector_18
                0x00000000000001d4                __vector_30
                0x000000000000023e                put_buffer
                0x0000000000000296                get_buffer_size
                0x00000000000002ca                get_buffer
                0x0000000000000306                uart_send_byte_b
                0x0000000000000346                __vector_32
                0x00000000000003b4                __vector_20
                0x0000000000000422                uart_reconfigure
                0x0000000000000672                uart_configure
                0x0000000000000698                uart_flush
                0x00000000000006ca                uart_disable
                0x00000000000006ec                uart_enable
                0x0000000000000726                uart_send_byte
 .text          0x00000000000007d8        0x0 /usr/lib/gcc/avr/4.5.0/avr51/libgcc.a(_divmodhi4.o)
 .text          0x00000000000007d8        0x0 /usr/lib/gcc/avr/4.5.0/avr51/libgcc.a(_udivmodsi4.o)
 .text          0x00000000000007d8        0x0 /usr/lib/gcc/avr/4.5.0/avr51/libgcc.a(_exit.o)
 .text          0x00000000000007d8        0x0 /usr/lib/gcc/avr/4.5.0/avr51/libgcc.a(_copy_data.o)
 .text          0x00000000000007d8        0x0 /usr/lib/gcc/avr/4.5.0/avr51/libgcc.a(_clear_bss.o)
 .text          0x00000000000007d8       0xd2 /usr/lib/gcc/avr/4.5.0/avr51/libgcc.a(_lshrdi3.o)
                0x00000000000007d8                __lshrdi3
 .text          0x00000000000008aa        0x0 /usr/lib/gcc/avr/4.5.0/avr51/libgcc.a(_udivmodhi4.o)
 .text          0x00000000000008aa        0x0 /usr/lib/gcc/avr/4.5.0/avr51/libgcc.a(_prologue.o)
 .text          0x00000000000008aa        0x0 /usr/lib/gcc/avr/4.5.0/avr51/libgcc.a(_epilogue.o)
 .text          0x00000000000008aa        0x0 /usr/lib/gcc/avr/4.5.0/../../../../avr/lib/avr51/libc.a(fdevopen.o)
 .text          0x00000000000008aa        0x0 /usr/lib/gcc/avr/4.5.0/../../../../avr/lib/avr51/libc.a(iob.o)
 .text          0x00000000000008aa        0x0 /usr/lib/gcc/avr/4.5.0/../../../../avr/lib/avr51/libc.a(puts.o)
 .text          0x00000000000008aa        0x0 /usr/lib/gcc/avr/4.5.0/../../../../avr/lib/avr51/libc.a(calloc.o)
 .text          0x00000000000008aa        0x0 /usr/lib/gcc/avr/4.5.0/../../../../avr/lib/avr51/libc.a(malloc.o)
 .text          0x00000000000008aa        0x0 /usr/lib/gcc/avr/4.5.0/../../../../avr/lib/avr51/libc.a(memset.o)
                0x00000000000008aa                . = ALIGN (0x2)
 *(.text.*)
 .text.libgcc   0x00000000000008aa       0x26 /usr/lib/gcc/avr/4.5.0/avr51/libgcc.a(_divmodhi4.o)
                0x00000000000008aa                __divmodhi4
                0x00000000000008aa                _div
 .text.libgcc   0x00000000000008d0       0x44 /usr/lib/gcc/avr/4.5.0/avr51/libgcc.a(_udivmodsi4.o)
                0x00000000000008d0                __udivmodsi4
 .text.libgcc   0x0000000000000914        0x0 /usr/lib/gcc/avr/4.5.0/avr51/libgcc.a(_exit.o)
 .text.libgcc   0x0000000000000914        0x0 /usr/lib/gcc/avr/4.5.0/avr51/libgcc.a(_copy_data.o)
 .text.libgcc   0x0000000000000914        0x0 /usr/lib/gcc/avr/4.5.0/avr51/libgcc.a(_clear_bss.o)
 .text.libgcc   0x0000000000000914       0x28 /usr/lib/gcc/avr/4.5.0/avr51/libgcc.a(_udivmodhi4.o)
                0x0000000000000914                __udivmodhi4
 .text.libgcc   0x000000000000093c       0x38 /usr/lib/gcc/avr/4.5.0/avr51/libgcc.a(_prologue.o)
                0x000000000000093c                __prologue_saves__
 .text.libgcc   0x0000000000000974       0x36 /usr/lib/gcc/avr/4.5.0/avr51/libgcc.a(_epilogue.o)
                0x0000000000000974                __epilogue_restores__
 .text.avr-libc
                0x00000000000009aa       0x96 /usr/lib/gcc/avr/4.5.0/../../../../avr/lib/avr51/libc.a(fdevopen.o)
                0x00000000000009aa                fdevopen
 .text.avr-libc
                0x0000000000000a40       0x6e /usr/lib/gcc/avr/4.5.0/../../../../avr/lib/avr51/libc.a(puts.o)
                0x0000000000000a40                puts
 .text.avr-libc
                0x0000000000000aae       0x4a /usr/lib/gcc/avr/4.5.0/../../../../avr/lib/avr51/libc.a(calloc.o)
                0x0000000000000aae                calloc
 .text.avr-libc
                0x0000000000000af8      0x26a /usr/lib/gcc/avr/4.5.0/../../../../avr/lib/avr51/libc.a(malloc.o)
                0x0000000000000af8                malloc
                0x0000000000000c30                free
 .text.avr-libc
                0x0000000000000d62        0xe /usr/lib/gcc/avr/4.5.0/../../../../avr/lib/avr51/libc.a(memset.o)
                0x0000000000000d62                memset
                0x0000000000000d70                . = ALIGN (0x2)
 *(.fini9)
 .fini9         0x0000000000000d70        0x0 /usr/lib/gcc/avr/4.5.0/avr51/libgcc.a(_exit.o)
                0x0000000000000d70                exit
                0x0000000000000d70                _exit
 *(.fini9)
 *(.fini8)
 *(.fini8)
 *(.fini7)
 *(.fini7)
 *(.fini6)
 *(.fini6)
 *(.fini5)
 *(.fini5)
 *(.fini4)
 *(.fini4)
 *(.fini3)
 *(.fini3)
 *(.fini2)
 *(.fini2)
 *(.fini1)
 *(.fini1)
 *(.fini0)
 .fini0         0x0000000000000d70        0x4 /usr/lib/gcc/avr/4.5.0/avr51/libgcc.a(_exit.o)
 *(.fini0)
                0x0000000000000d74                _etext = .

.data           0x0000000000800100       0x14 load address 0x0000000000000d74
                0x0000000000800100                PROVIDE (__data_start, .)
 *(.data)
 .data          0x0000000000800100        0x0 /usr/lib/gcc/avr/4.5.0/../../../../avr/lib/avr51/crtm128.o
 .data          0x0000000000800100        0xd ./node2/main.o
 .data          0x000000000080010d        0x0 ../library/eselib/src/uart.o
 .data          0x000000000080010d        0x0 /usr/lib/gcc/avr/4.5.0/avr51/libgcc.a(_divmodhi4.o)
 .data          0x000000000080010d        0x0 /usr/lib/gcc/avr/4.5.0/avr51/libgcc.a(_udivmodsi4.o)
 .data          0x000000000080010d        0x0 /usr/lib/gcc/avr/4.5.0/avr51/libgcc.a(_exit.o)
 .data          0x000000000080010d        0x0 /usr/lib/gcc/avr/4.5.0/avr51/libgcc.a(_copy_data.o)
 .data          0x000000000080010d        0x0 /usr/lib/gcc/avr/4.5.0/avr51/libgcc.a(_clear_bss.o)
 .data          0x000000000080010d        0x0 /usr/lib/gcc/avr/4.5.0/avr51/libgcc.a(_lshrdi3.o)
 .data          0x000000000080010d        0x0 /usr/lib/gcc/avr/4.5.0/avr51/libgcc.a(_udivmodhi4.o)
 .data          0x000000000080010d        0x0 /usr/lib/gcc/avr/4.5.0/avr51/libgcc.a(_prologue.o)
 .data          0x000000000080010d        0x0 /usr/lib/gcc/avr/4.5.0/avr51/libgcc.a(_epilogue.o)
 .data          0x000000000080010d        0x0 /usr/lib/gcc/avr/4.5.0/../../../../avr/lib/avr51/libc.a(fdevopen.o)
 .data          0x000000000080010d        0x0 /usr/lib/gcc/avr/4.5.0/../../../../avr/lib/avr51/libc.a(iob.o)
 .data          0x000000000080010d        0x0 /usr/lib/gcc/avr/4.5.0/../../../../avr/lib/avr51/libc.a(puts.o)
 .data          0x000000000080010d        0x0 /usr/lib/gcc/avr/4.5.0/../../../../avr/lib/avr51/libc.a(calloc.o)
 .data          0x000000000080010d        0x6 /usr/lib/gcc/avr/4.5.0/../../../../avr/lib/avr51/libc.a(malloc.o)
                0x000000000080010d                __malloc_margin
                0x000000000080010f                __malloc_heap_start
                0x0000000000800111                __malloc_heap_end
 .data          0x0000000000800113        0x0 /usr/lib/gcc/avr/4.5.0/../../../../avr/lib/avr51/libc.a(memset.o)
 *(.data*)
 *(.rodata)
 *(.rodata*)
 *(.gnu.linkonce.d*)
                0x0000000000800114                . = ALIGN (0x2)
 *fill*         0x0000000000800113        0x1 00
                0x0000000000800114                _edata = .
                0x0000000000800114                PROVIDE (__data_end, .)

.bss            0x0000000000800114       0x1f
                0x0000000000800114                PROVIDE (__bss_start, .)
 *(.bss)
 .bss           0x0000000000800114        0x0 /usr/lib/gcc/avr/4.5.0/../../../../avr/lib/avr51/crtm128.o
 .bss           0x0000000000800114        0x0 ./node2/main.o
 .bss           0x0000000000800114       0x14 ../library/eselib/src/uart.o
                0x0000000000800114                port
 .bss           0x0000000000800128        0x0 /usr/lib/gcc/avr/4.5.0/avr51/libgcc.a(_divmodhi4.o)
 .bss           0x0000000000800128        0x0 /usr/lib/gcc/avr/4.5.0/avr51/libgcc.a(_udivmodsi4.o)
 .bss           0x0000000000800128        0x0 /usr/lib/gcc/avr/4.5.0/avr51/libgcc.a(_exit.o)
 .bss           0x0000000000800128        0x0 /usr/lib/gcc/avr/4.5.0/avr51/libgcc.a(_copy_data.o)
 .bss           0x0000000000800128        0x0 /usr/lib/gcc/avr/4.5.0/avr51/libgcc.a(_clear_bss.o)
 .bss           0x0000000000800128        0x0 /usr/lib/gcc/avr/4.5.0/avr51/libgcc.a(_lshrdi3.o)
 .bss           0x0000000000800128        0x0 /usr/lib/gcc/avr/4.5.0/avr51/libgcc.a(_udivmodhi4.o)
 .bss           0x0000000000800128        0x0 /usr/lib/gcc/avr/4.5.0/avr51/libgcc.a(_prologue.o)
 .bss           0x0000000000800128        0x0 /usr/lib/gcc/avr/4.5.0/avr51/libgcc.a(_epilogue.o)
 .bss           0x0000000000800128        0x0 /usr/lib/gcc/avr/4.5.0/../../../../avr/lib/avr51/libc.a(fdevopen.o)
 .bss           0x0000000000800128        0x0 /usr/lib/gcc/avr/4.5.0/../../../../avr/lib/avr51/libc.a(iob.o)
 .bss           0x0000000000800128        0x0 /usr/lib/gcc/avr/4.5.0/../../../../avr/lib/avr51/libc.a(puts.o)
 .bss           0x0000000000800128        0x0 /usr/lib/gcc/avr/4.5.0/../../../../avr/lib/avr51/libc.a(calloc.o)
 .bss           0x0000000000800128        0x0 /usr/lib/gcc/avr/4.5.0/../../../../avr/lib/avr51/libc.a(malloc.o)
 .bss           0x0000000000800128        0x0 /usr/lib/gcc/avr/4.5.0/../../../../avr/lib/avr51/libc.a(memset.o)
 *(.bss*)
 *(COMMON)
 COMMON         0x0000000000800128        0x1 ./node2/main.o
                0x0000000000800128                glb_sreg_cpy
 COMMON         0x0000000000800129        0x6 /usr/lib/gcc/avr/4.5.0/../../../../avr/lib/avr51/libc.a(iob.o)
                0x0000000000800129                __iob
 COMMON         0x000000000080012f        0x4 /usr/lib/gcc/avr/4.5.0/../../../../avr/lib/avr51/libc.a(malloc.o)
                0x000000000080012f                __brkval
                0x0000000000800131                __flp
                0x0000000000800133                PROVIDE (__bss_end, .)
                0x0000000000000d74                __data_load_start = LOADADDR (.data)
                0x0000000000000d88                __data_load_end = (__data_load_start + SIZEOF (.data))

.noinit         0x0000000000800133        0x0
                0x0000000000800133                PROVIDE (__noinit_start, .)
 *(.noinit*)
                0x0000000000800133                PROVIDE (__noinit_end, .)
                0x0000000000800133                _end = .
                0x0000000000800133                PROVIDE (__heap_start, .)

.eeprom         0x0000000000810000        0x0
 *(.eeprom*)
                0x0000000000810000                __eeprom_end = .

.stab           0x0000000000000000     0x19c8
 *(.stab)
 .stab          0x0000000000000000      0x6cc /usr/lib/gcc/avr/4.5.0/../../../../avr/lib/avr51/crtm128.o
 .stab          0x00000000000006cc      0x3a8 /usr/lib/gcc/avr/4.5.0/avr51/libgcc.a(_lshrdi3.o)
                                        0x3b4 (size before relaxing)
 .stab          0x0000000000000a74      0x4a4 /usr/lib/gcc/avr/4.5.0/../../../../avr/lib/avr51/libc.a(fdevopen.o)
                                        0x4b0 (size before relaxing)
 .stab          0x0000000000000f18      0x12c /usr/lib/gcc/avr/4.5.0/../../../../avr/lib/avr51/libc.a(iob.o)
                                        0x30c (size before relaxing)
 .stab          0x0000000000001044      0x1f8 /usr/lib/gcc/avr/4.5.0/../../../../avr/lib/avr51/libc.a(puts.o)
                                        0x3d8 (size before relaxing)
 .stab          0x000000000000123c      0x198 /usr/lib/gcc/avr/4.5.0/../../../../avr/lib/avr51/libc.a(calloc.o)
                                        0x1d4 (size before relaxing)
 .stab          0x00000000000013d4      0x588 /usr/lib/gcc/avr/4.5.0/../../../../avr/lib/avr51/libc.a(malloc.o)
                                        0x768 (size before relaxing)
 .stab          0x000000000000195c       0x6c /usr/lib/gcc/avr/4.5.0/../../../../avr/lib/avr51/libc.a(memset.o)
                                         0x78 (size before relaxing)

.stabstr        0x0000000000000000     0x4b7c
 *(.stabstr)
 .stabstr       0x0000000000000000     0x4b7c /usr/lib/gcc/avr/4.5.0/../../../../avr/lib/avr51/crtm128.o

.stab.excl
 *(.stab.excl)

.stab.exclstr
 *(.stab.exclstr)

.stab.index
 *(.stab.index)

.stab.indexstr
 *(.stab.indexstr)

.comment
 *(.comment)

.debug
 *(.debug)

.line
 *(.line)

.debug_srcinfo
 *(.debug_srcinfo)

.debug_sfnames
 *(.debug_sfnames)

.debug_aranges  0x0000000000000000       0x40
 *(.debug_aranges)
 .debug_aranges
                0x0000000000000000       0x20 ./node2/main.o
 .debug_aranges
                0x0000000000000020       0x20 ../library/eselib/src/uart.o

.debug_pubnames
                0x0000000000000000      0x14a
 *(.debug_pubnames)
 .debug_pubnames
                0x0000000000000000       0x2c ./node2/main.o
 .debug_pubnames
                0x000000000000002c      0x11e ../library/eselib/src/uart.o

.debug_info     0x0000000000000000      0x686
 *(.debug_info)
 .debug_info    0x0000000000000000      0x250 ./node2/main.o
 .debug_info    0x0000000000000250      0x436 ../library/eselib/src/uart.o
 *(.gnu.linkonce.wi.*)

.debug_abbrev   0x0000000000000000      0x2ec
 *(.debug_abbrev)
 .debug_abbrev  0x0000000000000000      0x16b ./node2/main.o
 .debug_abbrev  0x000000000000016b      0x181 ../library/eselib/src/uart.o

.debug_line     0x0000000000000000      0x5a7
 *(.debug_line)
 .debug_line    0x0000000000000000      0x1f6 ./node2/main.o
 .debug_line    0x00000000000001f6      0x3b1 ../library/eselib/src/uart.o

.debug_frame    0x0000000000000000      0x120
 *(.debug_frame)
 .debug_frame   0x0000000000000000       0x30 ./node2/main.o
 .debug_frame   0x0000000000000030       0xf0 ../library/eselib/src/uart.o

.debug_str      0x0000000000000000      0x260
 *(.debug_str)
 .debug_str     0x0000000000000000      0x112 ./node2/main.o
                                        0x150 (size before relaxing)
 .debug_str     0x0000000000000112      0x14e ../library/eselib/src/uart.o
                                        0x236 (size before relaxing)

.debug_loc      0x0000000000000000      0x327
 *(.debug_loc)
 .debug_loc     0x0000000000000000       0x5f ./node2/main.o
 .debug_loc     0x000000000000005f      0x2c8 ../library/eselib/src/uart.o

.debug_macinfo
 *(.debug_macinfo)
OUTPUT(node2/node2.elf elf32-avr)
LOAD linker stubs

.debug_pubtypes
                0x0000000000000000       0x7c
 .debug_pubtypes
                0x0000000000000000       0x36 ./node2/main.o
 .debug_pubtypes
                0x0000000000000036       0x46 ../library/eselib/src/uart.o

.debug_ranges   0x0000000000000000       0x48
 .debug_ranges  0x0000000000000000       0x48 ./node2/main.o
